
The default interactive shell is now zsh.
To update your account to use zsh, please run `chsh -s /bin/zsh`.
For more details, please visit https://support.apple.com/kb/HT208050.
k1m12s04:~ musozer$ bash

The default interactive shell is now zsh.
To update your account to use zsh, please run `chsh -s /bin/zsh`.
For more details, please visit https://support.apple.com/kb/HT208050.
bash-3.2$ echo "<<$HOME>>"
<<>>
bash-3.2$ echo "<<$PWD>>"
<</Users/musozer>>
bash-3.2$ echo "<<'$PWD'>>"
<<'/Users/musozer'>>
bash-3.2$ echo '<<'$PWD'>>'
<</Users/musozer>>
bash-3.2$ echo '<<$PWD>>'
<<$PWD>>
bash-3.2$ echo '<<$PWD>>'
<<$PWD>>
bash-3.2$ echo '<<$PWD>>'
<<$PWD>>
bash-3.2$ echo '<<'$PWD'>>'
<</Users/musozer>>
bash-3.2$ echo '<<'$PWD'>>'
<</Users/musozer>>
bash-3.2$ echo '<<'$PWD'>>'
<</Users/musozer>>
bash-3.2$ echo '<<'$PWD'>>'
<</Users/musozer>>
bash-3.2$ echo "<<'$PWD'>>"
<<'/Users/musozer'>>
bash-3.2$ echo $musti

bash-3.2$ echo $(musti)
bash: musti: command not found

bash-3.2$ echo $"musti"
musti
bash-3.2$ echo $"musti"
musti
bash-3.2$ echo $"musti"
musti
bash-3.2$ echo $"musti"
musti
bash-3.2$ echo $"musti"
musti
bash-3.2$ echo $"musti"
musti
bash-3.2$ echo $"musti"
musti
bash-3.2$ echo $("musti")
bash: musti: command not found

bash-3.2$ echo $"(musti)"
(musti)
bash-3.2$ echo $(mustifdsfsdgdfg)
bash: mustifdsfsdgdfg: command not found

bash-3.2$ echo $'()'
()
bash-3.2$ echo $'()'
()
bash-3.2$ echo $'()'
()
bash-3.2$ echo $'()'
()
bash-3.2$ echo $'($PWD)'
($PWD)
bash-3.2$ echo $'($PWD)'
($PWD)
bash-3.2$ echo $'($PWD)'
($PWD)
bash-3.2$ echo $"(mustifdsfsdgdfg)"
(mustifdsfsdgdfg)
bash-3.2$ echo $"(mustifdsfsdgdfg)"
(mustifdsfsdgdfg)
bash-3.2$ 'e'"c"ho

bash-3.2$ 'e'"c"ho

bash-3.2$ 'e'"cho
>
bash-3.2$ 'e'""cho

bash-3.2$ 'e'""cho

bash-3.2$ 'e'"""c"ho

bash-3.2$ 'e'"""c"ho musti
musti
bash-3.2$ clear

bash-3.2$ echo " saodıjhuyasd''"
 saodıjhuyasd''
bash-3.2$ echo " $PWDsaodıjhuyasd''"
 ?jhuyasd''
bash-3.2$ echo " $PWD saodıjhuyasd''"
 /Users/musozer saodıjhuyasd''
bash-3.2$ echo " $PWD saodıjhuyasd''"
 /Users/musozer saodıjhuyasd''
bash-3.2$ echo " $PWD saodıjhuyasd''"
 /Users/musozer saodıjhuyasd''
bash-3.2$ echo " $PWD saodıjhuyasd''"
 /Users/musozer saodıjhuyasd''
bash-3.2$ echo " $PWD saodıjhuyasd''"
 /Users/musozer saodıjhuyasd''
bash-3.2$ echo " $PWD saodıjhuyasd''"
 /Users/musozer saodıjhuyasd''
bash-3.2$ echo " $PWD saodıjhuyasd''"
 /Users/musozer saodıjhuyasd''
bash-3.2$ echo " $PWD saodıjhuyasd''"
 /Users/musozer saodıjhuyasd''
bash-3.2$ echo " $PWD saodıjhuyasd''"
 /Users/musozer saodıjhuyasd''
bash-3.2$ echo " $PWD saodıjhuyasd''"
 /Users/musozer saodıjhuyasd''
bash-3.2$ echo " $PWD saodıjhuyasd''"
 /Users/musozer saodıjhuyasd''
bash-3.2$ echo " $PWD saodıjhuyasd''"
 /Users/musozer saodıjhuyasd''
bash-3.2$ echo " $PWD saodıjhuyasd''"
 /Users/musozer saodıjhuyasd''
bash-3.2$ echo " '$PWD' saodıjhuyasd''"
 '/Users/musozer' saodıjhuyasd''
bash-3.2$ echo '"$PWD" saodıjhuyasd'
"$PWD" saodıjhuyasd
bash-3.2$ echo '<<'$PWD'>>'
<</Users/musozer>>
bash-3.2$ echo '<<"$PWD">>'
<<"$PWD">>
bash-3.2$ echo '<<'$PWD'>>'
<</Users/musozer>>
bash-3.2$ echo '<<$PWD>>'
<<$PWD>>
bash-3.2$ echo '<<'$PWD'>>'
<</Users/musozer>>
bash-3.2$ echo "<<"$PWD">>"
<</Users/musozer>>
bash-3.2$ echo "<<'$PWD'>>"
<<'/Users/musozer'>>
bash-3.2$
